// Jest Snapshot v1, https://goo.gl/fbAQLP

exports[`<Weather /> Should render without crashing 1`] = `ReactWrapper {}`;
