// Jest Snapshot v1, https://goo.gl/fbAQLP

exports[`App Test Suite Should render without crashing 1`] = `ShallowWrapper {}`;
